go: downloading github.com/yusufpapurcu/wmi v1.2.3
go: downloading github.com/stretchr/testify v1.8.4
go: downloading github.com/bytedance/sonic v1.10.1
go: downloading github.com/json-iterator/go v1.1.12
go: downloading github.com/goccy/go-json v0.10.2
go: downloading github.com/google/go-cmp v0.6.0
go: downloading github.com/lufia/plan9stats v0.0.0-20211012122336-39d0f177ccd0
go: downloading github.com/power-devops/perfstat v0.0.0-20210106213030-5aafc221ea8c
go: downloading github.com/tklauser/numcpus v0.6.1
go: downloading github.com/go-playground/assert/v2 v2.2.0
go: downloading gopkg.in/check.v1 v1.0.0-20201130134442-10cb98267c6c
go: downloading github.com/shoenig/test v0.6.4
go: downloading github.com/davecgh/go-spew v1.1.1
go: downloading github.com/pmezard/go-difflib v1.0.0
go: downloading github.com/modern-go/concurrent v0.0.0-20180306012644-bacd9c7ef1dd
go: downloading github.com/modern-go/reflect2 v1.0.2
go: downloading github.com/go-ole/go-ole v1.2.6
go: downloading github.com/kr/pretty v0.3.0
go: downloading github.com/rogpeppe/go-internal v1.8.0
go: downloading github.com/kr/text v0.2.0
go: downloading golang.org/x/arch v0.5.0
go: downloading github.com/chenzhuoyu/base64x v0.0.0-20230717121745-296ad89f973d
go: downloading github.com/twitchyliquid64/golang-asm v0.15.1
go: downloading github.com/chenzhuoyu/iasm v0.9.0
go: downloading github.com/klauspost/cpuid/v2 v2.2.5
